running develop
running egg_info
creating meu_robo.egg-info
writing meu_robo.egg-info/PKG-INFO
writing dependency_links to meu_robo.egg-info/dependency_links.txt
writing entry points to meu_robo.egg-info/entry_points.txt
writing requirements to meu_robo.egg-info/requires.txt
writing top-level names to meu_robo.egg-info/top_level.txt
writing manifest file 'meu_robo.egg-info/SOURCES.txt'
reading manifest file 'meu_robo.egg-info/SOURCES.txt'
writing manifest file 'meu_robo.egg-info/SOURCES.txt'
running build_ext
Creating /home/gustavo/ros2_trabalho/src/install/meu_robo/lib/python3.10/site-packages/meu-robo.egg-link (link to .)
Installing controle_tartaruga script to /home/gustavo/ros2_trabalho/src/install/meu_robo/lib/meu_robo
Installing draw_circle script to /home/gustavo/ros2_trabalho/src/install/meu_robo/lib/meu_robo
Installing pose_subscriber script to /home/gustavo/ros2_trabalho/src/install/meu_robo/lib/meu_robo
Installing test_node script to /home/gustavo/ros2_trabalho/src/install/meu_robo/lib/meu_robo

Installed /home/gustavo/ros2_trabalho/src/build/meu_robo
running symlink_data
creating /home/gustavo/ros2_trabalho/src/install/meu_robo/share/ament_index
creating /home/gustavo/ros2_trabalho/src/install/meu_robo/share/ament_index/resource_index
creating /home/gustavo/ros2_trabalho/src/install/meu_robo/share/ament_index/resource_index/packages
symbolically linking /home/gustavo/ros2_trabalho/src/build/meu_robo/resource/meu_robo -> /home/gustavo/ros2_trabalho/src/install/meu_robo/share/ament_index/resource_index/packages
symbolically linking /home/gustavo/ros2_trabalho/src/build/meu_robo/package.xml -> /home/gustavo/ros2_trabalho/src/install/meu_robo/share/meu_robo
