[1.564s] Invoking command in '/home/gustavo/ros2_trabalho/src/build/meu_robo': PYTHONPATH=/home/gustavo/ros2_trabalho/src/build/meu_robo/prefix_override:/usr/lib/python3/dist-packages/colcon_core/task/python/colcon_distutils_commands:/home/gustavo/ros2_trabalho/src/install/meu_robo/lib/python3.10/site-packages:${PYTHONPATH} /usr/bin/python3 -W ignore:setup.py install is deprecated -W ignore:easy_install command is deprecated setup.py develop --editable --build-directory /home/gustavo/ros2_trabalho/src/build/meu_robo/build --no-deps symlink_data
[2.197s] running develop
[2.577s] running egg_info
[2.577s] creating meu_robo.egg-info
[2.578s] writing meu_robo.egg-info/PKG-INFO
[2.578s] writing dependency_links to meu_robo.egg-info/dependency_links.txt
[2.578s] writing entry points to meu_robo.egg-info/entry_points.txt
[2.579s] writing requirements to meu_robo.egg-info/requires.txt
[2.579s] writing top-level names to meu_robo.egg-info/top_level.txt
[2.579s] writing manifest file 'meu_robo.egg-info/SOURCES.txt'
[2.583s] reading manifest file 'meu_robo.egg-info/SOURCES.txt'
[2.584s] writing manifest file 'meu_robo.egg-info/SOURCES.txt'
[2.587s] running build_ext
[2.587s] Creating /home/gustavo/ros2_trabalho/src/install/meu_robo/lib/python3.10/site-packages/meu-robo.egg-link (link to .)
[2.589s] Installing controle_tartaruga script to /home/gustavo/ros2_trabalho/src/install/meu_robo/lib/meu_robo
[2.592s] Installing draw_circle script to /home/gustavo/ros2_trabalho/src/install/meu_robo/lib/meu_robo
[2.593s] Installing pose_subscriber script to /home/gustavo/ros2_trabalho/src/install/meu_robo/lib/meu_robo
[2.593s] Installing test_node script to /home/gustavo/ros2_trabalho/src/install/meu_robo/lib/meu_robo
[2.593s] 
[2.593s] Installed /home/gustavo/ros2_trabalho/src/build/meu_robo
[2.593s] running symlink_data
[2.594s] creating /home/gustavo/ros2_trabalho/src/install/meu_robo/share/ament_index
[2.594s] creating /home/gustavo/ros2_trabalho/src/install/meu_robo/share/ament_index/resource_index
[2.594s] creating /home/gustavo/ros2_trabalho/src/install/meu_robo/share/ament_index/resource_index/packages
[2.594s] symbolically linking /home/gustavo/ros2_trabalho/src/build/meu_robo/resource/meu_robo -> /home/gustavo/ros2_trabalho/src/install/meu_robo/share/ament_index/resource_index/packages
[2.594s] symbolically linking /home/gustavo/ros2_trabalho/src/build/meu_robo/package.xml -> /home/gustavo/ros2_trabalho/src/install/meu_robo/share/meu_robo
[2.663s] Invoked command in '/home/gustavo/ros2_trabalho/src/build/meu_robo' returned '0': PYTHONPATH=/home/gustavo/ros2_trabalho/src/build/meu_robo/prefix_override:/usr/lib/python3/dist-packages/colcon_core/task/python/colcon_distutils_commands:/home/gustavo/ros2_trabalho/src/install/meu_robo/lib/python3.10/site-packages:${PYTHONPATH} /usr/bin/python3 -W ignore:setup.py install is deprecated -W ignore:easy_install command is deprecated setup.py develop --editable --build-directory /home/gustavo/ros2_trabalho/src/build/meu_robo/build --no-deps symlink_data
