[0.256s] DEBUG:colcon:Command line arguments: ['/usr/bin/colcon', 'build', '--symlink-install']
[0.256s] DEBUG:colcon:Parsed command line arguments: Namespace(log_base=None, log_level=None, verb_name='build', build_base='build', install_base='install', merge_install=False, symlink_install=True, test_result_base=None, continue_on_error=False, executor='parallel', parallel_workers=16, event_handlers=None, ignore_user_meta=False, metas=['./colcon.meta'], base_paths=['.'], packages_ignore=None, packages_ignore_regex=None, paths=None, packages_up_to=None, packages_up_to_regex=None, packages_above=None, packages_above_and_dependencies=None, packages_above_depth=None, packages_select_by_dep=None, packages_skip_by_dep=None, packages_skip_up_to=None, packages_select_build_failed=False, packages_skip_build_finished=False, packages_select_test_failures=False, packages_skip_test_passed=False, packages_select=None, packages_skip=None, packages_select_regex=None, packages_skip_regex=None, packages_start=None, packages_end=None, allow_overriding=[], cmake_args=None, cmake_target=None, cmake_target_skip_unavailable=False, cmake_clean_cache=False, cmake_clean_first=False, cmake_force_configure=False, ament_cmake_args=None, catkin_cmake_args=None, catkin_skip_building_tests=False, mixin_files=None, mixin=None, verb_parser=<colcon_mixin.mixin.mixin_argument.MixinArgumentDecorator object at 0x75baa955d8a0>, verb_extension=<colcon_core.verb.build.BuildVerb object at 0x75baa955c850>, main=<bound method BuildVerb.main of <colcon_core.verb.build.BuildVerb object at 0x75baa955c850>>, mixin_verb=('build',))
[0.684s] Level 1:colcon.colcon_core.package_discovery:discover_packages(colcon_meta) check parameters
[0.685s] Level 1:colcon.colcon_core.package_discovery:discover_packages(recursive) check parameters
[0.685s] Level 1:colcon.colcon_core.package_discovery:discover_packages(ignore) check parameters
[0.685s] Level 1:colcon.colcon_core.package_discovery:discover_packages(path) check parameters
[0.685s] Level 1:colcon.colcon_core.package_discovery:discover_packages(colcon_meta) discover
[0.685s] Level 1:colcon.colcon_core.package_discovery:discover_packages(recursive) discover
[0.685s] INFO:colcon.colcon_core.package_discovery:Crawling recursively for packages in '/home/gustavo/ros2_trabalho/src'
[0.685s] Level 1:colcon.colcon_core.package_identification:_identify(.) by extensions ['ignore', 'ignore_ament_install']
[0.686s] Level 1:colcon.colcon_core.package_identification:_identify(.) by extension 'ignore'
[0.686s] Level 1:colcon.colcon_core.package_identification:_identify(.) by extension 'ignore_ament_install'
[0.686s] Level 1:colcon.colcon_core.package_identification:_identify(.) by extensions ['colcon_pkg']
[0.686s] Level 1:colcon.colcon_core.package_identification:_identify(.) by extension 'colcon_pkg'
[0.686s] Level 1:colcon.colcon_core.package_identification:_identify(.) by extensions ['colcon_meta']
[0.686s] Level 1:colcon.colcon_core.package_identification:_identify(.) by extension 'colcon_meta'
[0.686s] Level 1:colcon.colcon_core.package_identification:_identify(.) by extensions ['ros']
[0.686s] Level 1:colcon.colcon_core.package_identification:_identify(.) by extension 'ros'
[0.713s] Level 1:colcon.colcon_core.package_identification:_identify(.) by extensions ['cmake', 'python']
[0.713s] Level 1:colcon.colcon_core.package_identification:_identify(.) by extension 'cmake'
[0.713s] Level 1:colcon.colcon_core.package_identification:_identify(.) by extension 'python'
[0.713s] Level 1:colcon.colcon_core.package_identification:_identify(.) by extensions ['python_setup_py']
[0.714s] Level 1:colcon.colcon_core.package_identification:_identify(.) by extension 'python_setup_py'
[0.714s] Level 1:colcon.colcon_core.package_identification:_identify(build) by extensions ['ignore', 'ignore_ament_install']
[0.714s] Level 1:colcon.colcon_core.package_identification:_identify(build) by extension 'ignore'
[0.714s] Level 1:colcon.colcon_core.package_identification:_identify(build) ignored
[0.714s] Level 1:colcon.colcon_core.package_identification:_identify(install) by extensions ['ignore', 'ignore_ament_install']
[0.715s] Level 1:colcon.colcon_core.package_identification:_identify(install) by extension 'ignore'
[0.715s] Level 1:colcon.colcon_core.package_identification:_identify(install) ignored
[0.715s] Level 1:colcon.colcon_core.package_identification:_identify(log) by extensions ['ignore', 'ignore_ament_install']
[0.715s] Level 1:colcon.colcon_core.package_identification:_identify(log) by extension 'ignore'
[0.715s] Level 1:colcon.colcon_core.package_identification:_identify(log) ignored
[0.715s] Level 1:colcon.colcon_core.package_identification:_identify(meu_robo) by extensions ['ignore', 'ignore_ament_install']
[0.716s] Level 1:colcon.colcon_core.package_identification:_identify(meu_robo) by extension 'ignore'
[0.716s] Level 1:colcon.colcon_core.package_identification:_identify(meu_robo) by extension 'ignore_ament_install'
[0.716s] Level 1:colcon.colcon_core.package_identification:_identify(meu_robo) by extensions ['colcon_pkg']
[0.716s] Level 1:colcon.colcon_core.package_identification:_identify(meu_robo) by extension 'colcon_pkg'
[0.716s] Level 1:colcon.colcon_core.package_identification:_identify(meu_robo) by extensions ['colcon_meta']
[0.716s] Level 1:colcon.colcon_core.package_identification:_identify(meu_robo) by extension 'colcon_meta'
[0.716s] Level 1:colcon.colcon_core.package_identification:_identify(meu_robo) by extensions ['ros']
[0.716s] Level 1:colcon.colcon_core.package_identification:_identify(meu_robo) by extension 'ros'
[0.722s] DEBUG:colcon.colcon_core.package_identification:Package 'meu_robo' with type 'ros.ament_python' and name 'meu_robo'
[0.722s] Level 1:colcon.colcon_core.package_discovery:discover_packages(recursive) using defaults
[0.722s] Level 1:colcon.colcon_core.package_discovery:discover_packages(ignore) discover
[0.722s] Level 1:colcon.colcon_core.package_discovery:discover_packages(ignore) using defaults
[0.722s] Level 1:colcon.colcon_core.package_discovery:discover_packages(path) discover
[0.722s] Level 1:colcon.colcon_core.package_discovery:discover_packages(path) using defaults
[0.790s] Level 1:colcon.colcon_core.package_discovery:discover_packages(prefix_path) check parameters
[0.790s] Level 1:colcon.colcon_core.package_discovery:discover_packages(prefix_path) discover
[0.793s] DEBUG:colcon.colcon_installed_package_information.package_discovery:Found 1 installed packages in /home/gustavo/ros2_trabalho/install
[0.797s] DEBUG:colcon.colcon_installed_package_information.package_discovery:Found 271 installed packages in /opt/ros/humble
[0.800s] Level 1:colcon.colcon_core.package_discovery:discover_packages(prefix_path) using defaults
[0.887s] Level 5:colcon.colcon_core.verb:set package 'meu_robo' build argument 'cmake_args' from command line to 'None'
[0.887s] Level 5:colcon.colcon_core.verb:set package 'meu_robo' build argument 'cmake_target' from command line to 'None'
[0.887s] Level 5:colcon.colcon_core.verb:set package 'meu_robo' build argument 'cmake_target_skip_unavailable' from command line to 'False'
[0.887s] Level 5:colcon.colcon_core.verb:set package 'meu_robo' build argument 'cmake_clean_cache' from command line to 'False'
[0.887s] Level 5:colcon.colcon_core.verb:set package 'meu_robo' build argument 'cmake_clean_first' from command line to 'False'
[0.887s] Level 5:colcon.colcon_core.verb:set package 'meu_robo' build argument 'cmake_force_configure' from command line to 'False'
[0.887s] Level 5:colcon.colcon_core.verb:set package 'meu_robo' build argument 'ament_cmake_args' from command line to 'None'
[0.888s] Level 5:colcon.colcon_core.verb:set package 'meu_robo' build argument 'catkin_cmake_args' from command line to 'None'
[0.888s] Level 5:colcon.colcon_core.verb:set package 'meu_robo' build argument 'catkin_skip_building_tests' from command line to 'False'
[0.888s] DEBUG:colcon.colcon_core.verb:Building package 'meu_robo' with the following arguments: {'ament_cmake_args': None, 'build_base': '/home/gustavo/ros2_trabalho/src/build/meu_robo', 'catkin_cmake_args': None, 'catkin_skip_building_tests': False, 'cmake_args': None, 'cmake_clean_cache': False, 'cmake_clean_first': False, 'cmake_force_configure': False, 'cmake_target': None, 'cmake_target_skip_unavailable': False, 'install_base': '/home/gustavo/ros2_trabalho/src/install/meu_robo', 'merge_install': False, 'path': '/home/gustavo/ros2_trabalho/src/meu_robo', 'symlink_install': True, 'test_result_base': None}
[0.888s] INFO:colcon.colcon_core.executor:Executing jobs using 'parallel' executor
[0.890s] DEBUG:colcon.colcon_parallel_executor.executor.parallel:run_until_complete
[0.891s] INFO:colcon.colcon_ros.task.ament_python.build:Building ROS package in '/home/gustavo/ros2_trabalho/src/meu_robo' with build type 'ament_python'
[0.891s] Level 1:colcon.colcon_core.shell:create_environment_hook('meu_robo', 'ament_prefix_path')
[0.896s] INFO:colcon.colcon_core.plugin_system:Skipping extension 'colcon_core.shell.bat': Not used on non-Windows systems
[0.896s] INFO:colcon.colcon_core.shell:Creating environment hook '/home/gustavo/ros2_trabalho/src/install/meu_robo/share/meu_robo/hook/ament_prefix_path.ps1'
[0.898s] INFO:colcon.colcon_core.shell:Creating environment descriptor '/home/gustavo/ros2_trabalho/src/install/meu_robo/share/meu_robo/hook/ament_prefix_path.dsv'
[0.899s] INFO:colcon.colcon_core.shell:Creating environment hook '/home/gustavo/ros2_trabalho/src/install/meu_robo/share/meu_robo/hook/ament_prefix_path.sh'
[0.901s] INFO:colcon.colcon_core.shell:Skip shell extension 'powershell' for command environment: Not usable outside of PowerShell
[0.901s] DEBUG:colcon.colcon_core.shell:Skip shell extension 'dsv' for command environment
[1.596s] INFO:colcon.colcon_core.task.python.build:Building Python package in '/home/gustavo/ros2_trabalho/src/meu_robo'
[1.597s] INFO:colcon.colcon_core.shell:Skip shell extension 'powershell' for command environment: Not usable outside of PowerShell
[1.597s] DEBUG:colcon.colcon_core.shell:Skip shell extension 'dsv' for command environment
[2.457s] DEBUG:colcon.colcon_core.event_handler.log_command:Invoking command in '/home/gustavo/ros2_trabalho/src/build/meu_robo': PYTHONPATH=/home/gustavo/ros2_trabalho/src/build/meu_robo/prefix_override:/usr/lib/python3/dist-packages/colcon_core/task/python/colcon_distutils_commands:/home/gustavo/ros2_trabalho/src/install/meu_robo/lib/python3.10/site-packages:${PYTHONPATH} /usr/bin/python3 -W ignore:setup.py install is deprecated -W ignore:easy_install command is deprecated setup.py develop --editable --build-directory /home/gustavo/ros2_trabalho/src/build/meu_robo/build --no-deps symlink_data
[3.553s] Level 1:colcon.colcon_core.shell:create_environment_hook('meu_robo', 'pythonpath_develop')
[3.554s] INFO:colcon.colcon_core.shell:Creating environment hook '/home/gustavo/ros2_trabalho/src/build/meu_robo/share/meu_robo/hook/pythonpath_develop.ps1'
[3.555s] DEBUG:colcon.colcon_core.event_handler.log_command:Invoked command in '/home/gustavo/ros2_trabalho/src/build/meu_robo' returned '0': PYTHONPATH=/home/gustavo/ros2_trabalho/src/build/meu_robo/prefix_override:/usr/lib/python3/dist-packages/colcon_core/task/python/colcon_distutils_commands:/home/gustavo/ros2_trabalho/src/install/meu_robo/lib/python3.10/site-packages:${PYTHONPATH} /usr/bin/python3 -W ignore:setup.py install is deprecated -W ignore:easy_install command is deprecated setup.py develop --editable --build-directory /home/gustavo/ros2_trabalho/src/build/meu_robo/build --no-deps symlink_data
[3.556s] INFO:colcon.colcon_core.shell:Creating environment descriptor '/home/gustavo/ros2_trabalho/src/build/meu_robo/share/meu_robo/hook/pythonpath_develop.dsv'
[3.557s] INFO:colcon.colcon_core.shell:Creating environment hook '/home/gustavo/ros2_trabalho/src/build/meu_robo/share/meu_robo/hook/pythonpath_develop.sh'
[3.562s] Level 1:colcon.colcon_core.environment:checking '/home/gustavo/ros2_trabalho/src/install/meu_robo' for CMake module files
[3.563s] Level 1:colcon.colcon_core.environment:checking '/home/gustavo/ros2_trabalho/src/install/meu_robo' for CMake config files
[3.565s] Level 1:colcon.colcon_core.environment:checking '/home/gustavo/ros2_trabalho/src/install/meu_robo/lib'
[3.565s] Level 1:colcon.colcon_core.environment:checking '/home/gustavo/ros2_trabalho/src/install/meu_robo/bin'
[3.565s] Level 1:colcon.colcon_core.environment:checking '/home/gustavo/ros2_trabalho/src/install/meu_robo/lib/pkgconfig/meu_robo.pc'
[3.566s] Level 1:colcon.colcon_core.environment:checking '/home/gustavo/ros2_trabalho/src/install/meu_robo/lib/python3.10/site-packages'
[3.566s] Level 1:colcon.colcon_core.shell:create_environment_hook('meu_robo', 'pythonpath')
[3.566s] INFO:colcon.colcon_core.shell:Creating environment hook '/home/gustavo/ros2_trabalho/src/install/meu_robo/share/meu_robo/hook/pythonpath.ps1'
[3.567s] INFO:colcon.colcon_core.shell:Creating environment descriptor '/home/gustavo/ros2_trabalho/src/install/meu_robo/share/meu_robo/hook/pythonpath.dsv'
[3.568s] INFO:colcon.colcon_core.shell:Creating environment hook '/home/gustavo/ros2_trabalho/src/install/meu_robo/share/meu_robo/hook/pythonpath.sh'
[3.569s] Level 1:colcon.colcon_core.environment:checking '/home/gustavo/ros2_trabalho/src/install/meu_robo/bin'
[3.569s] Level 1:colcon.colcon_core.environment:create_environment_scripts_only(meu_robo)
[3.570s] INFO:colcon.colcon_core.shell:Creating package script '/home/gustavo/ros2_trabalho/src/install/meu_robo/share/meu_robo/package.ps1'
[3.571s] INFO:colcon.colcon_core.shell:Creating package descriptor '/home/gustavo/ros2_trabalho/src/install/meu_robo/share/meu_robo/package.dsv'
[3.572s] INFO:colcon.colcon_core.shell:Creating package script '/home/gustavo/ros2_trabalho/src/install/meu_robo/share/meu_robo/package.sh'
[3.574s] INFO:colcon.colcon_core.shell:Creating package script '/home/gustavo/ros2_trabalho/src/install/meu_robo/share/meu_robo/package.bash'
[3.575s] INFO:colcon.colcon_core.shell:Creating package script '/home/gustavo/ros2_trabalho/src/install/meu_robo/share/meu_robo/package.zsh'
[3.577s] Level 1:colcon.colcon_core.environment:create_file_with_runtime_dependencies(/home/gustavo/ros2_trabalho/src/install/meu_robo/share/colcon-core/packages/meu_robo)
[3.577s] DEBUG:colcon.colcon_parallel_executor.executor.parallel:closing loop
[3.578s] DEBUG:colcon.colcon_parallel_executor.executor.parallel:loop closed
[3.579s] DEBUG:colcon.colcon_parallel_executor.executor.parallel:run_until_complete finished with '0'
[3.579s] DEBUG:colcon.colcon_core.event_reactor:joining thread
[3.589s] INFO:colcon.colcon_core.plugin_system:Skipping extension 'colcon_notification.desktop_notification.terminal_notifier': Not used on non-Darwin systems
[3.589s] INFO:colcon.colcon_core.plugin_system:Skipping extension 'colcon_notification.desktop_notification.win32': Not used on non-Windows systems
[3.589s] INFO:colcon.colcon_notification.desktop_notification:Sending desktop notification using 'notify2'
[3.615s] DEBUG:colcon.colcon_core.event_reactor:joined thread
[3.616s] INFO:colcon.colcon_core.shell:Creating prefix script '/home/gustavo/ros2_trabalho/src/install/local_setup.ps1'
[3.618s] INFO:colcon.colcon_core.shell:Creating prefix util module '/home/gustavo/ros2_trabalho/src/install/_local_setup_util_ps1.py'
[3.621s] INFO:colcon.colcon_core.shell:Creating prefix chain script '/home/gustavo/ros2_trabalho/src/install/setup.ps1'
[3.624s] INFO:colcon.colcon_core.shell:Creating prefix script '/home/gustavo/ros2_trabalho/src/install/local_setup.sh'
[3.625s] INFO:colcon.colcon_core.shell:Creating prefix util module '/home/gustavo/ros2_trabalho/src/install/_local_setup_util_sh.py'
[3.626s] INFO:colcon.colcon_core.shell:Creating prefix chain script '/home/gustavo/ros2_trabalho/src/install/setup.sh'
[3.629s] INFO:colcon.colcon_core.shell:Creating prefix script '/home/gustavo/ros2_trabalho/src/install/local_setup.bash'
[3.630s] INFO:colcon.colcon_core.shell:Creating prefix chain script '/home/gustavo/ros2_trabalho/src/install/setup.bash'
[3.633s] INFO:colcon.colcon_core.shell:Creating prefix script '/home/gustavo/ros2_trabalho/src/install/local_setup.zsh'
[3.634s] INFO:colcon.colcon_core.shell:Creating prefix chain script '/home/gustavo/ros2_trabalho/src/install/setup.zsh'
